// Jest Snapshot v1, https://goo.gl/fbAQLP

exports[`minimal snapshot 1`] = `
Array [
  "/** @preserve
  * package: minimal-fixture v0.0.0
  * file: dist/minimal-fixture.cjs.js
  **/

'use strict';

var format = (words => words.join(' '));

const foo = 'foo';
const bar = 'bar';

var index = format([foo, bar]);

module.exports = index;
//# sourceMappingURL=minimal-fixture.cjs.js.map
",
  "/** @preserve
  * package: minimal-fixture v0.0.0
  * file: dist/minimal-fixture.cjs.min.js
  **/
\\"use strict\\";var format=o=>o.join(\\" \\");const foo=\\"foo\\",bar=\\"bar\\";var index=format([foo,bar]);module.exports=index;
//# sourceMappingURL=minimal-fixture.cjs.min.js.map
",
  "/** @preserve
  * package: minimal-fixture v0.0.0
  * file: dist/minimal-fixture.es.js
  **/

var format = (words => words.join(' '));

const foo = 'foo';
const bar = 'bar';

var index = format([foo, bar]);

export default index;
//# sourceMappingURL=minimal-fixture.es.js.map
",
  "/** @preserve
  * package: minimal-fixture v0.0.0
  * file: dist/minimal-fixture.es.min.js
  **/
var format=o=>o.join(\\" \\");const foo=\\"foo\\",bar=\\"bar\\";var index=format([foo,bar]);export default index;
//# sourceMappingURL=minimal-fixture.es.min.js.map
",
  "/** @preserve
  * package: minimal-fixture v0.0.0
  * file: dist/minimal-fixture.umd.js
  **/

(function (global, factory) {
	typeof exports === 'object' && typeof module !== 'undefined' ? module.exports = factory() :
	typeof define === 'function' && define.amd ? define(factory) :
	(global.minimalFixture = factory());
}(this, (function () { 'use strict';

	var format = (words => words.join(' '));

	const foo = 'foo';
	const bar = 'bar';

	var index = format([foo, bar]);

	return index;

})));
//# sourceMappingURL=minimal-fixture.umd.js.map
",
  "/** @preserve
  * package: minimal-fixture v0.0.0
  * file: dist/minimal-fixture.umd.min.js
  **/
!function(e,n){\\"object\\"==typeof exports&&\\"undefined\\"!=typeof module?module.exports=n():\\"function\\"==typeof define&&define.amd?define(n):e.minimalFixture=n()}(this,function(){\\"use strict\\";return(e=>e.join(\\" \\"))([\\"foo\\",\\"bar\\"])});
//# sourceMappingURL=minimal-fixture.umd.min.js.map
",
]
`;
